2026-03-26 20:10:10.034: [INFO] OnDoneLoading sync enabled: 0
2026-03-26 20:10:10.145: [INFO] RecordSyncInitDuration has_sync_been_enabled: 0 state: 0
2026-03-26 20:11:23.802: [INFO] VisibilityChanged: 0
2026-03-26 22:57:16.953: [INFO] OnDoneLoading sync enabled: 0
2026-03-26 22:57:16.955: [INFO] RecordSyncInitDuration has_sync_been_enabled: 0 state: 0
2026-03-26 22:58:34.805: [INFO] VisibilityChanged: 0
2026-03-26 22:59:14.046: [INFO] VisibilityChanged: 1
2026-03-26 22:59:17.736: [INFO] VisibilityChanged: 0
2026-03-26 23:03:44.994: [INFO] VisibilityChanged: 1
2026-03-26 23:04:05.216: [INFO] VisibilityChanged: 0
2026-03-26 23:04:14.375: [INFO] VisibilityChanged: 1
2026-03-26 23:04:36.316: [INFO] RecordFavoritesImport - file
2026-03-26 23:04:36.448: [INFO] BookmarkNodeAdded, ABU: 0
2026-03-26 23:04:36.450: [INFO] BookmarkNodeAdded, ABU: 0
2026-03-26 23:04:36.451: [INFO] BookmarkNodeAdded, ABU: 0
2026-03-26 23:04:36.452: [INFO] BookmarkNodeAdded, ABU: 0
2026-03-26 23:04:36.453: [INFO] BookmarkNodeAdded, ABU: 0
2026-03-26 23:04:36.455: [INFO] BookmarkNodeAdded, ABU: 0
2026-03-26 23:04:36.457: [INFO] BookmarkNodeAdded, ABU: 0
2026-03-26 23:04:36.458: [INFO] BookmarkNodeAdded, ABU: 0
2026-03-26 23:04:36.459: [INFO] BookmarkNodeAdded, ABU: 0
2026-03-26 23:04:36.461: [INFO] BookmarkNodeAdded, ABU: 0
2026-03-26 23:04:36.462: [INFO] BookmarkNodeAdded, ABU: 0
2026-03-26 23:04:36.463: [INFO] BookmarkNodeAdded, ABU: 0
2026-03-26 23:04:36.465: [INFO] BookmarkNodeAdded, ABU: 0
2026-03-26 23:04:36.466: [INFO] BookmarkNodeAdded, ABU: 0
2026-03-26 23:04:36.467: [INFO] BookmarkNodeAdded, ABU: 0
2026-03-26 23:04:36.469: [INFO] BookmarkNodeAdded, ABU: 0
2026-03-26 23:04:48.739: [INFO] Remove, DeletionOrigin: 2
2026-03-26 23:04:48.740: [INFO] BookmarkNodeRemoved, Url: 1, IsFolder: 0, IsWorkspace: 0
2026-03-26 23:05:31.139: [INFO] Remove, DeletionOrigin: 2
2026-03-26 23:05:31.140: [INFO] BookmarkNodeRemoved, Url: 1, IsFolder: 0, IsWorkspace: 0
2026-03-26 23:05:33.564: [INFO] Remove, DeletionOrigin: 2
2026-03-26 23:05:33.565: [INFO] BookmarkNodeRemoved, Url: 1, IsFolder: 0, IsWorkspace: 0
2026-03-26 23:05:35.924: [INFO] Remove, DeletionOrigin: 2
2026-03-26 23:05:35.925: [INFO] BookmarkNodeRemoved, Url: 1, IsFolder: 0, IsWorkspace: 0
2026-03-26 23:05:38.940: [INFO] Remove, DeletionOrigin: 2
2026-03-26 23:05:38.941: [INFO] BookmarkNodeRemoved, Url: 1, IsFolder: 0, IsWorkspace: 0
2026-03-26 23:05:41.220: [INFO] Remove, DeletionOrigin: 2
2026-03-26 23:05:41.221: [INFO] BookmarkNodeRemoved, Url: 1, IsFolder: 0, IsWorkspace: 0
2026-03-26 23:05:44.685: [INFO] Remove, DeletionOrigin: 2
2026-03-26 23:05:44.686: [INFO] BookmarkNodeRemoved, Url: 1, IsFolder: 0, IsWorkspace: 0
2026-03-26 23:05:49.565: [INFO] Remove, DeletionOrigin: 2
2026-03-26 23:05:49.566: [INFO] BookmarkNodeRemoved, Url: 1, IsFolder: 0, IsWorkspace: 0
2026-03-26 23:05:51.229: [INFO] Remove, DeletionOrigin: 2
2026-03-26 23:05:51.230: [INFO] BookmarkNodeRemoved, Url: 1, IsFolder: 0, IsWorkspace: 0
2026-03-26 23:05:52.885: [INFO] Remove, DeletionOrigin: 2
2026-03-26 23:05:52.886: [INFO] BookmarkNodeRemoved, Url: 1, IsFolder: 0, IsWorkspace: 0
2026-03-26 23:05:55.333: [INFO] Remove, DeletionOrigin: 2
2026-03-26 23:05:55.334: [INFO] BookmarkNodeRemoved, Url: 1, IsFolder: 0, IsWorkspace: 0
2026-03-26 23:05:56.884: [INFO] Remove, DeletionOrigin: 2
2026-03-26 23:05:56.885: [INFO] BookmarkNodeRemoved, Url: 1, IsFolder: 0, IsWorkspace: 0
2026-03-26 23:05:58.644: [INFO] Remove, DeletionOrigin: 2
2026-03-26 23:05:58.645: [INFO] BookmarkNodeRemoved, Url: 1, IsFolder: 0, IsWorkspace: 0
2026-03-26 23:06:02.102: [INFO] Remove, DeletionOrigin: 2
2026-03-26 23:06:02.103: [INFO] BookmarkNodeRemoved, Url: 1, IsFolder: 0, IsWorkspace: 0
2026-03-26 23:06:04.405: [INFO] Remove, DeletionOrigin: 2
2026-03-26 23:06:04.406: [INFO] BookmarkNodeRemoved, Url: 1, IsFolder: 0, IsWorkspace: 0
2026-03-26 23:06:06.430: [INFO] Remove, DeletionOrigin: 2
2026-03-26 23:06:06.431: [INFO] BookmarkNodeRemoved, Url: 1, IsFolder: 0, IsWorkspace: 0
2026-03-26 23:07:44.120: [INFO] VisibilityChanged: 0
2026-03-26 23:09:29.626: [INFO] OnDoneLoading sync enabled: 0
2026-03-26 23:09:29.627: [INFO] RecordSyncInitDuration has_sync_been_enabled: 0 state: 0
2026-03-26 23:09:41.071: [INFO] VisibilityChanged: 0
2026-03-26 23:09:56.296: [INFO] OnDoneLoading sync enabled: 0
2026-03-26 23:09:56.300: [INFO] RecordSyncInitDuration has_sync_been_enabled: 0 state: 0
2026-03-26 23:11:28.685: [INFO] BookmarkNodeAdded, ABU: 1
2026-03-26 23:11:34.349: [INFO] SetTitle, Url: 1, IsFolder: 0, IsWorkspace: 0
2026-03-27 02:32:47.662: [INFO] BookmarkNodeAdded, ABU: 1
2026-03-27 02:32:58.008: [INFO] SetTitle, Url: 1, IsFolder: 0, IsWorkspace: 0
2026-03-27 02:33:19.651: [INFO] BookmarkNodeAdded, ABU: 1
2026-03-27 02:33:23.520: [INFO] SetTitle, Url: 1, IsFolder: 0, IsWorkspace: 0
2026-03-27 02:33:34.986: [INFO] BookmarkNodeAdded, ABU: 1
2026-03-27 02:33:36.728: [INFO] SetTitle, Url: 1, IsFolder: 0, IsWorkspace: 0
2026-03-27 02:34:42.250: [INFO] BookmarkNodeAdded, ABU: 1
2026-03-27 02:34:44.458: [INFO] SetTitle, Url: 1, IsFolder: 0, IsWorkspace: 0
2026-03-27 02:35:59.853: [INFO] BookmarkNodeAdded, ABU: 1
2026-03-27 02:36:01.675: [INFO] SetTitle, Url: 1, IsFolder: 0, IsWorkspace: 0
2026-03-27 02:36:25.194: [INFO] VisibilityChanged: 0
2026-03-27 02:36:27.477: [INFO] OnDoneLoading sync enabled: 0
2026-03-27 02:36:27.755: [INFO] RecordSyncInitDuration has_sync_been_enabled: 0 state: 0
2026-03-27 02:43:36.775: [INFO] OnDoneLoading sync enabled: 0
2026-03-27 02:43:36.781: [INFO] RecordSyncInitDuration has_sync_been_enabled: 0 state: 0
2026-03-27 02:56:20.546: [INFO] BookmarkNodeAdded, ABU: 1
2026-03-27 02:56:23.872: [INFO] SetTitle, Url: 1, IsFolder: 0, IsWorkspace: 0
2026-03-27 04:28:44.976: [INFO] VisibilityChanged: 0
2026-03-27 04:28:46.628: [INFO] OnDoneLoading sync enabled: 0
2026-03-27 04:28:46.956: [INFO] RecordSyncInitDuration has_sync_been_enabled: 0 state: 0
2026-03-27 05:11:43.602: [INFO] VisibilityChanged: 0
2026-03-27 05:11:44.920: [INFO] OnDoneLoading sync enabled: 0
2026-03-27 05:11:45.221: [INFO] RecordSyncInitDuration has_sync_been_enabled: 0 state: 0
2026-03-27 19:49:51.232: [INFO] OnDoneLoading sync enabled: 0
2026-03-27 19:49:51.237: [INFO] RecordSyncInitDuration has_sync_been_enabled: 0 state: 0
2026-03-27 19:50:00.064: [INFO] OnDoneLoading sync enabled: 0
2026-03-27 19:50:00.069: [INFO] RecordSyncInitDuration has_sync_been_enabled: 0 state: 0
2026-03-27 20:52:06.626: [INFO] BookmarkNodeAdded, ABU: 1
2026-03-27 20:52:09.255: [INFO] SetTitle, Url: 1, IsFolder: 0, IsWorkspace: 0
2026-03-27 22:26:15.995: [INFO] VisibilityChanged: 0
2026-03-27 22:26:18.697: [INFO] OnDoneLoading sync enabled: 0
2026-03-27 22:26:19.453: [INFO] RecordSyncInitDuration has_sync_been_enabled: 0 state: 0
2026-03-27 22:27:47.992: [INFO] OnDoneLoading sync enabled: 0
2026-03-27 22:27:48.001: [INFO] RecordSyncInitDuration has_sync_been_enabled: 0 state: 0
2026-03-27 22:39:53.937: [INFO] VisibilityChanged: 0
2026-03-27 22:39:55.136: [INFO] OnDoneLoading sync enabled: 0
2026-03-27 22:39:55.471: [INFO] RecordSyncInitDuration has_sync_been_enabled: 0 state: 0
2026-03-29 04:44:40.415: [INFO] OnDoneLoading sync enabled: 0
2026-03-29 04:44:40.422: [INFO] RecordSyncInitDuration has_sync_been_enabled: 0 state: 0
2026-03-29 04:59:39.637: [INFO] BookmarkNodeAdded, ABU: 1
2026-03-29 05:00:04.925: [INFO] SetTitle, Url: 1, IsFolder: 0, IsWorkspace: 0
2026-03-29 05:49:46.707: [INFO] VisibilityChanged: 0
2026-03-29 05:49:49.401: [INFO] OnDoneLoading sync enabled: 0
2026-03-29 05:49:49.727: [INFO] RecordSyncInitDuration has_sync_been_enabled: 0 state: 0
2026-03-30 03:25:38.406: [INFO] OnDoneLoading sync enabled: 0
2026-03-30 03:25:38.422: [INFO] RecordSyncInitDuration has_sync_been_enabled: 0 state: 0
2026-03-30 03:32:35.109: [INFO] VisibilityChanged: 0
2026-03-30 03:32:46.430: [INFO] VisibilityChanged: 1
2026-03-30 03:33:05.285: [INFO] VisibilityChanged: 0
2026-03-30 03:33:23.096: [INFO] VisibilityChanged: 1
2026-03-30 03:45:32.211: [INFO] VisibilityChanged: 0
2026-03-30 03:45:44.825: [INFO] VisibilityChanged: 1
2026-03-30 03:47:16.644: [INFO] VisibilityChanged: 0
2026-03-30 03:47:28.040: [INFO] VisibilityChanged: 1
2026-03-30 03:50:03.363: [INFO] VisibilityChanged: 0
2026-03-30 03:50:14.907: [INFO] VisibilityChanged: 1
2026-03-30 03:51:34.988: [INFO] VisibilityChanged: 0
2026-03-30 03:51:49.117: [INFO] VisibilityChanged: 1
2026-03-30 03:55:39.663: [INFO] VisibilityChanged: 0
2026-03-30 03:55:57.798: [INFO] VisibilityChanged: 1
2026-03-30 03:57:10.412: [INFO] VisibilityChanged: 0
2026-03-30 03:57:24.672: [INFO] VisibilityChanged: 1
2026-03-30 03:58:37.478: [INFO] VisibilityChanged: 0
2026-03-30 03:58:49.906: [INFO] VisibilityChanged: 1
2026-03-30 04:02:42.091: [INFO] VisibilityChanged: 0
2026-03-30 04:02:54.870: [INFO] VisibilityChanged: 1
2026-03-30 04:04:22.003: [INFO] VisibilityChanged: 0
2026-03-30 04:04:33.529: [INFO] VisibilityChanged: 1
2026-03-30 04:13:01.300: [INFO] VisibilityChanged: 0
2026-03-30 04:13:03.085: [INFO] OnDoneLoading sync enabled: 0
2026-03-30 04:13:03.253: [INFO] RecordSyncInitDuration has_sync_been_enabled: 0 state: 0
2026-03-30 21:56:10.657: [INFO] OnDoneLoading sync enabled: 0
2026-03-30 21:56:10.666: [INFO] RecordSyncInitDuration has_sync_been_enabled: 0 state: 0
2026-03-30 22:37:01.873: [INFO] VisibilityChanged: 0
2026-03-30 22:37:33.002: [INFO] VisibilityChanged: 1
2026-03-30 22:49:10.241: [INFO] VisibilityChanged: 0
2026-03-30 22:49:22.134: [INFO] VisibilityChanged: 1
2026-03-30 22:51:34.919: [INFO] VisibilityChanged: 0
2026-03-30 22:51:45.289: [INFO] VisibilityChanged: 1
2026-03-30 23:01:07.417: [INFO] VisibilityChanged: 0
2026-03-30 23:01:24.867: [INFO] VisibilityChanged: 1
2026-03-30 23:02:39.995: [INFO] VisibilityChanged: 0
2026-03-30 23:02:53.318: [INFO] VisibilityChanged: 1
2026-03-30 23:03:31.582: [INFO] VisibilityChanged: 0
2026-03-30 23:03:44.176: [INFO] VisibilityChanged: 1
2026-03-30 23:04:47.649: [INFO] VisibilityChanged: 0
2026-03-30 23:05:00.631: [INFO] VisibilityChanged: 1
2026-03-30 23:06:19.134: [INFO] VisibilityChanged: 0
2026-03-30 23:06:33.263: [INFO] VisibilityChanged: 1
2026-03-30 23:21:26.603: [INFO] VisibilityChanged: 0
2026-03-30 23:21:28.350: [INFO] OnDoneLoading sync enabled: 0
2026-03-30 23:21:28.609: [INFO] RecordSyncInitDuration has_sync_been_enabled: 0 state: 0
2026-03-31 19:39:24.923: [INFO] OnDoneLoading sync enabled: 0
2026-03-31 19:39:24.928: [INFO] RecordSyncInitDuration has_sync_been_enabled: 0 state: 0
2026-03-31 19:47:50.552: [INFO] BookmarkNodeAdded, ABU: 1
2026-03-31 19:47:57.089: [INFO] Remove, DeletionOrigin: 2
2026-03-31 19:47:57.091: [INFO] BookmarkNodeRemoved, Url: 1, IsFolder: 0, IsWorkspace: 0
2026-03-31 19:48:02.913: [INFO] SetTitle, Url: 1, IsFolder: 0, IsWorkspace: 0
2026-04-01 05:02:19.943: [INFO] VisibilityChanged: 0
2026-04-02 00:29:53.529: [INFO] OnDoneLoading sync enabled: 0
2026-04-02 00:29:53.536: [INFO] RecordSyncInitDuration has_sync_been_enabled: 0 state: 0
2026-04-02 00:31:47.178: [INFO] VisibilityChanged: 0
2026-04-02 05:56:05.355: [INFO] VisibilityChanged: 0
2026-04-04 07:31:42.324: [INFO] OnDoneLoading sync enabled: 0
2026-04-04 07:31:42.329: [INFO] RecordSyncInitDuration has_sync_been_enabled: 0 state: 0
2026-04-04 20:53:34.408: [INFO] OnDoneLoading sync enabled: 0
2026-04-04 20:53:34.416: [INFO] RecordSyncInitDuration has_sync_been_enabled: 0 state: 0
2026-04-04 20:54:41.193: [INFO] RecordSyncInitDuration has_sync_been_enabled: 0 state: 3
2026-04-04 20:54:41.211: [INFO] Primary account changed.
2026-04-04 20:54:41.211: [INFO] OnPrimaryAccountChanged PrimaryAccountChangeEvent::Type::kSet
2026-04-04 20:54:45.513: [INFO] Sync initialization duration: 4284ms
2026-04-04 20:55:39.718: [INFO] Primary account changed.
2026-04-04 20:55:39.718: [INFO] OnPrimaryAccountChanged PrimaryAccountChangeEvent::Type::kNone
2026-04-04 20:55:39.805: [INFO] Primary account changed.
2026-04-04 20:55:39.805: [INFO] OnPrimaryAccountChanged PrimaryAccountChangeEvent::Type::kCleared
2026-04-04 20:56:58.067: [INFO] OnDoneLoading sync enabled: 0
2026-04-04 23:15:46.619: [INFO] VisibilityChanged: 0
2026-04-05 21:21:04.013: [INFO] OnDoneLoading sync enabled: 0
2026-04-05 22:35:03.852: [INFO] VisibilityChanged: 0
2026-04-05 22:35:05.664: [INFO] OnDoneLoading sync enabled: 0
2026-04-07 20:29:01.696: [INFO] OnDoneLoading sync enabled: 0
2026-04-07 20:29:13.225: [INFO] OnDoneLoading sync enabled: 0
2026-04-07 21:36:30.397: [INFO] VisibilityChanged: 0
2026-04-07 21:38:07.913: [INFO] VisibilityChanged: 1
2026-04-07 21:41:56.686: [INFO] VisibilityChanged: 0
2026-04-07 21:42:42.696: [INFO] VisibilityChanged: 1
2026-04-07 22:34:32.015: [INFO] VisibilityChanged: 0
2026-04-07 22:34:34.899: [INFO] OnDoneLoading sync enabled: 0
2026-04-07 23:18:14.720: [INFO] VisibilityChanged: 0
2026-04-08 21:59:01.451: [INFO] OnDoneLoading sync enabled: 0
2026-04-08 23:24:23.184: [INFO] VisibilityChanged: 0
2026-04-10 07:54:11.985: [INFO] OnDoneLoading sync enabled: 0
2026-04-10 09:38:46.505: [INFO] BookmarkNodeAdded, ABU: 1
2026-04-10 09:38:50.442: [INFO] SetTitle, Url: 1, IsFolder: 0, IsWorkspace: 0
2026-04-10 09:39:03.816: [INFO] BookmarkNodeAdded, ABU: 1
2026-04-10 09:39:07.200: [INFO] SetTitle, Url: 1, IsFolder: 0, IsWorkspace: 0
2026-04-10 10:35:00.481: [INFO] VisibilityChanged: 0
2026-04-10 10:47:57.929: [INFO] OnDoneLoading sync enabled: 0
2026-04-10 10:54:58.396: [INFO] OnDoneLoading sync enabled: 0
2026-04-10 23:48:07.853: [INFO] OnDoneLoading sync enabled: 0
2026-04-12 02:27:06.604: [INFO] OnDoneLoading sync enabled: 0
2026-04-12 02:27:12.525: [INFO] OnDoneLoading sync enabled: 0
2026-04-12 02:28:50.193: [INFO] VisibilityChanged: 0
2026-04-12 02:28:51.269: [INFO] OnDoneLoading sync enabled: 0
2026-04-12 08:00:29.166: [INFO] OnDoneLoading sync enabled: 0
2026-04-12 09:07:55.963: [INFO] OnDoneLoading sync enabled: 0
2026-04-13 08:22:41.826: [INFO] OnDoneLoading sync enabled: 0
2026-04-13 10:02:36.839: [INFO] OnDoneLoading sync enabled: 0
2026-04-13 11:42:18.976: [INFO] BookmarkNodeAdded, ABU: 1
2026-04-13 11:42:23.806: [INFO] SetTitle, Url: 1, IsFolder: 0, IsWorkspace: 0
2026-04-13 12:00:21.784: [INFO] BookmarkNodeAdded, ABU: 1
2026-04-13 12:00:26.276: [INFO] SetTitle, Url: 1, IsFolder: 0, IsWorkspace: 0
2026-04-13 12:00:28.708: [INFO] BookmarkNodeMoved
2026-04-13 12:47:53.088: [INFO] BookmarkNodeAdded, ABU: 1
2026-04-13 12:47:59.757: [INFO] SetTitle, Url: 1, IsFolder: 0, IsWorkspace: 0
2026-04-13 12:59:21.770: [INFO] VisibilityChanged: 0
2026-04-13 23:52:34.394: [INFO] OnDoneLoading sync enabled: 0
2026-04-14 03:19:11.308: [INFO] OnDoneLoading sync enabled: 0
2026-04-14 03:22:16.838: [INFO] VisibilityChanged: 0
2026-04-14 04:02:52.361: [INFO] OnDoneLoading sync enabled: 0
2026-04-15 06:59:06.701: [INFO] OnDoneLoading sync enabled: 0
2026-04-15 09:46:05.355: [INFO] VisibilityChanged: 0
2026-04-15 09:46:08.718: [INFO] OnDoneLoading sync enabled: 0
2026-04-15 09:55:52.918: [INFO] OnDoneLoading sync enabled: 0
2026-04-15 10:12:59.643: [INFO] OnDoneLoading sync enabled: 0
2026-04-15 10:21:13.998: [INFO] OnDoneLoading sync enabled: 0
2026-04-15 10:45:53.079: [INFO] OnDoneLoading sync enabled: 0
2026-04-15 10:51:00.078: [INFO] OnDoneLoading sync enabled: 0
2026-04-15 12:20:00.536: [INFO] BookmarkNodeAdded, ABU: 1
2026-04-15 12:24:10.566: [INFO] BookmarkNodeAdded, ABU: 1
2026-04-15 12:29:18.891: [INFO] VisibilityChanged: 0
2026-04-16 06:12:29.545: [INFO] OnDoneLoading sync enabled: 0
2026-04-16 06:22:57.232: [INFO] VisibilityChanged: 0
2026-04-16 13:24:38.876: [INFO] OnDoneLoading sync enabled: 0
2026-04-20 23:30:04.285: [INFO] OnDoneLoading sync enabled: 0
2026-04-21 00:07:03.314: [INFO] VisibilityChanged: 0
2026-04-21 00:09:45.735: [INFO] OnDoneLoading sync enabled: 0
2026-04-21 00:14:58.123: [INFO] OnDoneLoading sync enabled: 0
2026-04-21 14:32:36.113: [INFO] OnDoneLoading sync enabled: 0
2026-04-21 15:32:39.404: [INFO] OnDoneLoading sync enabled: 0
2026-04-21 19:49:06.027: [INFO] OnDoneLoading sync enabled: 0
2026-04-21 21:28:33.212: [INFO] Remove, DeletionOrigin: 2
2026-04-21 21:28:33.215: [INFO] BookmarkNodeRemoved, Url: 1, IsFolder: 0, IsWorkspace: 0
2026-04-21 21:28:34.889: [INFO] Remove, DeletionOrigin: 2
2026-04-21 21:28:34.890: [INFO] BookmarkNodeRemoved, Url: 1, IsFolder: 0, IsWorkspace: 0
2026-04-21 21:28:46.938: [INFO] BookmarkNodeAdded, ABU: 1
2026-04-21 21:28:54.929: [INFO] SetTitle, Url: 1, IsFolder: 0, IsWorkspace: 0
2026-04-21 21:28:57.182: [INFO] BookmarkNodeMoved
2026-04-21 22:18:17.030: [INFO] BookmarkNodeAdded, ABU: 1
2026-04-21 22:18:21.607: [INFO] SetTitle, Url: 1, IsFolder: 0, IsWorkspace: 0
2026-04-21 23:51:12.674: [INFO] BookmarkNodeAdded, ABU: 1
2026-04-21 23:51:16.244: [INFO] SetTitle, Url: 1, IsFolder: 0, IsWorkspace: 0
2026-04-22 01:37:37.924: [INFO] VisibilityChanged: 0
2026-04-22 01:37:39.820: [INFO] OnDoneLoading sync enabled: 0
2026-04-22 19:57:39.715: [INFO] OnDoneLoading sync enabled: 0
2026-04-22 21:27:59.729: [INFO] VisibilityChanged: 0
2026-04-22 21:32:36.409: [INFO] VisibilityChanged: 1
2026-04-22 21:32:41.033: [INFO] VisibilityChanged: 0
2026-04-22 21:36:23.573: [INFO] VisibilityChanged: 1
2026-04-22 21:37:24.570: [INFO] VisibilityChanged: 0
2026-04-22 21:37:47.517: [INFO] VisibilityChanged: 1
2026-04-22 21:37:51.826: [INFO] VisibilityChanged: 0
2026-04-22 21:38:18.893: [INFO] VisibilityChanged: 1
2026-04-22 21:47:58.502: [INFO] VisibilityChanged: 0
2026-04-22 22:00:36.025: [INFO] VisibilityChanged: 1
2026-04-22 23:12:03.804: [INFO] VisibilityChanged: 0
2026-04-23 18:01:56.469: [INFO] OnDoneLoading sync enabled: 0
2026-04-23 21:59:32.154: [INFO] VisibilityChanged: 0
2026-04-23 21:59:34.123: [INFO] OnDoneLoading sync enabled: 0
2026-04-23 22:29:33.360: [INFO] OnDoneLoading sync enabled: 0
2026-04-23 22:46:32.527: [INFO] OnDoneLoading sync enabled: 0
2026-04-23 23:00:17.791: [INFO] OnDoneLoading sync enabled: 0
2026-04-23 23:23:20.923: [INFO] OnDoneLoading sync enabled: 0
2026-04-23 23:36:36.370: [INFO] OnDoneLoading sync enabled: 0
2026-04-24 00:12:46.634: [INFO] VisibilityChanged: 0
2026-04-24 00:12:52.766: [INFO] OnDoneLoading sync enabled: 0
2026-04-24 00:53:14.182: [INFO] VisibilityChanged: 0
2026-04-24 17:00:33.409: [INFO] OnDoneLoading sync enabled: 0
2026-04-24 19:23:48.141: [INFO] VisibilityChanged: 0
2026-04-24 19:23:51.425: [INFO] OnDoneLoading sync enabled: 0
2026-04-24 19:24:20.267: [INFO] OnDoneLoading sync enabled: 0
2026-04-25 06:07:29.720: [INFO] VisibilityChanged: 0
2026-04-26 19:55:50.138: [INFO] OnDoneLoading sync enabled: 0
2026-04-27 01:03:15.412: [INFO] VisibilityChanged: 0
2026-04-27 13:43:36.633: [INFO] OnDoneLoading sync enabled: 0
2026-04-27 15:15:34.377: [INFO] VisibilityChanged: 0
2026-04-27 15:15:36.063: [INFO] OnDoneLoading sync enabled: 0
2026-04-27 16:20:04.781: [INFO] VisibilityChanged: 0
2026-04-27 19:05:24.397: [INFO] OnDoneLoading sync enabled: 0
2026-04-27 20:56:14.596: [INFO] VisibilityChanged: 0
2026-04-27 20:56:16.838: [INFO] OnDoneLoading sync enabled: 0
2026-04-27 20:56:19.888: [INFO] VisibilityChanged: 0
2026-04-28 19:31:51.017: [INFO] OnDoneLoading sync enabled: 0
2026-04-28 19:32:17.809: [INFO] VisibilityChanged: 0
2026-04-28 22:13:15.511: [INFO] OnDoneLoading sync enabled: 0
2026-04-28 22:13:46.836: [INFO] VisibilityChanged: 0
2026-04-28 22:16:35.839: [INFO] OnDoneLoading sync enabled: 0
2026-05-01 20:38:06.913: [INFO] OnDoneLoading sync enabled: 0
2026-05-01 23:27:13.166: [INFO] OnDoneLoading sync enabled: 0
2026-05-01 23:27:14.399: [INFO] VisibilityChanged: 0
2026-05-04 19:06:29.560: [INFO] OnDoneLoading sync enabled: 0
2026-05-04 19:21:31.329: [INFO] BookmarkNodeAdded, ABU: 1
2026-05-04 19:21:35.000: [INFO] SetTitle, Url: 1, IsFolder: 0, IsWorkspace: 0
2026-05-04 19:21:37.504: [INFO] BookmarkNodeMoved
2026-05-04 19:21:40.767: [INFO] VisibilityChanged: 0
2026-05-04 19:21:42.232: [INFO] OnDoneLoading sync enabled: 0
2026-05-04 19:29:21.608: [INFO] OnDoneLoading sync enabled: 0
2026-05-04 20:08:19.714: [INFO] OnDoneLoading sync enabled: 0
2026-05-04 22:14:22.113: [INFO] VisibilityChanged: 0
2026-05-05 21:06:33.498: [INFO] OnDoneLoading sync enabled: 0
2026-05-05 21:07:06.739: [INFO] VisibilityChanged: 0
2026-05-05 21:07:44.746: [INFO] OnDoneLoading sync enabled: 0
2026-05-05 22:39:07.712: [INFO] VisibilityChanged: 0
2026-05-05 22:43:58.488: [INFO] OnDoneLoading sync enabled: 0
2026-05-05 22:56:51.122: [INFO] OnDoneLoading sync enabled: 0
2026-05-05 23:18:35.280: [INFO] OnDoneLoading sync enabled: 0
2026-05-06 00:02:04.577: [INFO] OnDoneLoading sync enabled: 0
2026-05-06 01:02:06.190: [INFO] OnDoneLoading sync enabled: 0
2026-05-06 05:24:16.566: [INFO] OnDoneLoading sync enabled: 0
2026-05-06 05:49:25.004: [INFO] VisibilityChanged: 0
2026-05-06 18:15:45.370: [INFO] OnDoneLoading sync enabled: 0
2026-05-06 19:56:39.726: [INFO] BookmarkNodeAdded, ABU: 1
2026-05-06 19:56:52.988: [INFO] SetTitle, Url: 1, IsFolder: 0, IsWorkspace: 0
2026-05-06 19:57:04.446: [INFO] BookmarkNodeAdded, ABU: 1
2026-05-06 19:57:13.705: [INFO] Remove, DeletionOrigin: 2
2026-05-06 19:57:13.706: [INFO] BookmarkNodeRemoved, Url: 1, IsFolder: 0, IsWorkspace: 0
2026-05-06 19:57:18.015: [INFO] BookmarkNodeAdded, ABU: 1
2026-05-06 19:57:27.636: [INFO] SetTitle, Url: 1, IsFolder: 0, IsWorkspace: 0
2026-05-06 21:05:10.805: [INFO] VisibilityChanged: 0
2026-05-06 21:05:12.847: [INFO] OnDoneLoading sync enabled: 0
2026-05-06 22:14:30.196: [INFO] OnDoneLoading sync enabled: 0
2026-05-06 23:39:53.878: [INFO] OnDoneLoading sync enabled: 0
2026-05-06 23:41:14.042: [INFO] VisibilityChanged: 0
2026-05-06 23:46:09.015: [INFO] OnDoneLoading sync enabled: 0
2026-05-07 00:16:39.810: [INFO] OnDoneLoading sync enabled: 0
2026-05-07 20:05:56.601: [INFO] VisibilityChanged: 0
2026-05-07 20:06:25.705: [INFO] OnDoneLoading sync enabled: 0
2026-05-07 20:27:35.164: [INFO] VisibilityChanged: 0
2026-05-07 20:27:45.508: [INFO] OnDoneLoading sync enabled: 0
2026-05-07 20:28:29.763: [INFO] VisibilityChanged: 0
2026-05-08 18:01:38.432: [INFO] OnDoneLoading sync enabled: 0
2026-05-08 20:07:08.665: [INFO] VisibilityChanged: 0
2026-05-09 17:36:59.788: [INFO] OnDoneLoading sync enabled: 0
2026-05-09 17:44:43.677: [INFO] Remove, DeletionOrigin: 2
2026-05-09 17:44:43.679: [INFO] BookmarkNodeRemoved, Url: 1, IsFolder: 0, IsWorkspace: 0
2026-05-09 18:59:08.081: [INFO] BookmarkNodeAdded, ABU: 1
2026-05-09 18:59:19.878: [INFO] SetTitle, Url: 1, IsFolder: 0, IsWorkspace: 0
2026-05-09 19:52:40.636: [INFO] VisibilityChanged: 0
2026-05-09 19:54:08.941: [INFO] OnDoneLoading sync enabled: 0
2026-05-09 19:58:31.982: [INFO] VisibilityChanged: 0
2026-05-09 19:58:33.129: [INFO] OnDoneLoading sync enabled: 0
2026-05-09 23:19:41.319: [INFO] OnDoneLoading sync enabled: 0
2026-05-10 04:03:07.770: [INFO] VisibilityChanged: 0
2026-05-10 04:03:12.775: [INFO] OnDoneLoading sync enabled: 0
2026-05-10 04:06:41.025: [INFO] OnDoneLoading sync enabled: 0
2026-05-10 04:46:14.523: [INFO] OnDoneLoading sync enabled: 0
2026-05-10 05:18:55.199: [INFO] OnDoneLoading sync enabled: 0
2026-05-11 18:49:55.733: [INFO] OnDoneLoading sync enabled: 0
2026-05-11 20:44:32.556: [INFO] VisibilityChanged: 0
2026-05-12 00:51:19.746: [INFO] OnDoneLoading sync enabled: 0
2026-05-12 18:56:55.902: [INFO] OnDoneLoading sync enabled: 0
2026-05-12 22:39:19.497: [INFO] VisibilityChanged: 0
2026-05-12 22:39:21.283: [INFO] OnDoneLoading sync enabled: 0
2026-05-12 22:57:22.198: [INFO] OnDoneLoading sync enabled: 0
2026-05-13 00:09:38.155: [INFO] OnDoneLoading sync enabled: 0
2026-05-13 19:54:57.242: [INFO] OnDoneLoading sync enabled: 0
2026-05-13 22:34:21.770: [INFO] VisibilityChanged: 0
2026-05-13 22:34:23.648: [INFO] OnDoneLoading sync enabled: 0
2026-05-14 21:10:32.708: [INFO] OnDoneLoading sync enabled: 0
2026-05-14 21:30:28.116: [INFO] VisibilityChanged: 0
2026-05-14 21:30:29.141: [INFO] OnDoneLoading sync enabled: 0
2026-05-14 22:32:48.106: [INFO] OnDoneLoading sync enabled: 0
2026-05-14 22:38:14.480: [INFO] VisibilityChanged: 0
2026-05-14 22:38:15.735: [INFO] OnDoneLoading sync enabled: 0
2026-05-14 23:02:39.045: [INFO] OnDoneLoading sync enabled: 0
2026-05-15 00:52:03.518: [INFO] OnDoneLoading sync enabled: 0
2026-05-15 00:52:27.711: [INFO] VisibilityChanged: 0
2026-05-15 00:52:29.202: [INFO] OnDoneLoading sync enabled: 0
2026-05-15 09:03:04.918: [INFO] OnDoneLoading sync enabled: 0
2026-05-15 09:16:33.123: [INFO] VisibilityChanged: 0
2026-05-15 09:16:34.447: [INFO] OnDoneLoading sync enabled: 0
2026-05-16 05:11:27.250: [INFO] OnDoneLoading sync enabled: 0
2026-05-16 05:11:37.489: [INFO] VisibilityChanged: 0
2026-05-16 05:11:39.169: [INFO] OnDoneLoading sync enabled: 0
2026-05-16 21:13:22.632: [INFO] OnDoneLoading sync enabled: 0
2026-05-16 22:37:25.000: [INFO] VisibilityChanged: 0
2026-05-16 22:43:59.828: [INFO] OnDoneLoading sync enabled: 0
2026-05-16 22:44:01.535: [INFO] VisibilityChanged: 0
2026-05-17 19:30:18.746: [INFO] OnDoneLoading sync enabled: 0
2026-05-17 20:50:08.813: [INFO] VisibilityChanged: 0
2026-05-18 20:33:17.992: [INFO] OnDoneLoading sync enabled: 0
2026-05-18 23:40:35.540: [INFO] BookmarkNodeAdded, ABU: 1
2026-05-18 23:40:47.703: [INFO] SetTitle, Url: 1, IsFolder: 0, IsWorkspace: 0
2026-05-18 23:41:53.706: [INFO] BookmarkNodeMoved
2026-05-19 00:11:32.575: [INFO] BookmarkNodeAdded, ABU: 1
2026-05-19 00:35:22.416: [INFO] BookmarkNodeAdded, ABU: 1
2026-05-19 00:36:01.046: [INFO] BookmarkNodeAdded, ABU: 1
2026-05-19 01:04:18.147: [INFO] VisibilityChanged: 0
2026-05-19 01:04:20.393: [INFO] OnDoneLoading sync enabled: 0
2026-05-21 08:16:18.232: [INFO] OnDoneLoading sync enabled: 0
2026-05-21 08:16:22.231: [INFO] VisibilityChanged: 0
2026-05-21 08:16:24.484: [INFO] OnDoneLoading sync enabled: 0
2026-05-22 06:25:44.375: [INFO] OnDoneLoading sync enabled: 0
2026-05-22 07:00:11.138: [INFO] VisibilityChanged: 0
2026-05-22 07:00:12.539: [INFO] OnDoneLoading sync enabled: 0
2026-05-22 07:02:23.771: [INFO] OnDoneLoading sync enabled: 0
2026-05-22 09:01:51.155: [INFO] VisibilityChanged: 0
2026-05-22 09:01:52.581: [INFO] OnDoneLoading sync enabled: 0
2026-05-22 19:11:19.885: [INFO] OnDoneLoading sync enabled: 0
2026-05-23 00:35:09.610: [INFO] VisibilityChanged: 0
2026-05-23 00:41:51.366: [INFO] OnDoneLoading sync enabled: 0
2026-05-23 00:43:37.543: [INFO] VisibilityChanged: 0
2026-05-23 01:09:34.058: [INFO] OnDoneLoading sync enabled: 0
2026-05-23 01:09:44.122: [INFO] VisibilityChanged: 0
2026-05-24 02:13:00.631: [INFO] OnDoneLoading sync enabled: 0
2026-05-24 02:13:13.633: [INFO] OnDoneLoading sync enabled: 0
2026-05-24 04:34:00.349: [INFO] VisibilityChanged: 0
2026-05-24 04:34:01.763: [INFO] OnDoneLoading sync enabled: 0
2026-05-24 23:42:50.885: [INFO] OnDoneLoading sync enabled: 0
2026-05-25 03:19:31.171: [INFO] VisibilityChanged: 0
2026-05-25 19:50:45.674: [INFO] OnDoneLoading sync enabled: 0
2026-05-25 19:50:56.834: [INFO] OnDoneLoading sync enabled: 0
2026-05-25 20:44:12.189: [INFO] VisibilityChanged: 0
2026-05-25 20:44:13.601: [INFO] OnDoneLoading sync enabled: 0
2026-05-26 02:15:32.245: [INFO] OnDoneLoading sync enabled: 0
2026-05-26 02:15:34.293: [INFO] VisibilityChanged: 0
2026-05-26 22:48:06.170: [INFO] OnDoneLoading sync enabled: 0
2026-05-26 22:50:23.018: [INFO] VisibilityChanged: 0
2026-05-27 01:25:16.397: [INFO] OnDoneLoading sync enabled: 0
2026-05-27 04:33:07.475: [INFO] OnDoneLoading sync enabled: 0
2026-05-27 04:59:43.892: [INFO] VisibilityChanged: 0
2026-05-27 05:01:43.281: [INFO] OnDoneLoading sync enabled: 0
2026-05-27 05:02:00.754: [INFO] VisibilityChanged: 0
2026-05-27 05:02:02.327: [INFO] OnDoneLoading sync enabled: 0
2026-05-27 06:47:09.060: [INFO] OnDoneLoading sync enabled: 0
2026-05-27 07:49:09.436: [INFO] BookmarkNodeAdded, ABU: 1
2026-05-27 08:12:52.521: [INFO] VisibilityChanged: 0
2026-05-27 08:14:27.764: [INFO] OnDoneLoading sync enabled: 0
2026-05-27 08:14:29.886: [INFO] VisibilityChanged: 0
2026-05-27 08:59:43.637: [INFO] OnDoneLoading sync enabled: 0
2026-05-27 08:59:45.840: [INFO] VisibilityChanged: 0
2026-05-27 08:59:47.760: [INFO] OnDoneLoading sync enabled: 0
2026-05-27 09:46:28.489: [INFO] VisibilityChanged: 0
2026-05-27 09:47:23.147: [INFO] OnDoneLoading sync enabled: 0
2026-05-27 11:22:13.743: [INFO] VisibilityChanged: 0
2026-05-27 11:24:28.091: [INFO] OnDoneLoading sync enabled: 0
2026-05-27 18:31:10.422: [INFO] OnDoneLoading sync enabled: 0
2026-05-27 18:38:57.856: [INFO] OnDoneLoading sync enabled: 0
2026-05-28 05:02:08.785: [INFO] OnDoneLoading sync enabled: 0
2026-05-28 05:02:11.570: [INFO] VisibilityChanged: 0
2026-05-28 21:32:55.792: [INFO] OnDoneLoading sync enabled: 0
2026-05-28 21:43:17.574: [INFO] VisibilityChanged: 0
2026-05-28 21:51:45.834: [INFO] OnDoneLoading sync enabled: 0
2026-05-28 22:54:03.713: [INFO] VisibilityChanged: 0
2026-05-28 23:01:07.448: [INFO] OnDoneLoading sync enabled: 0
2026-05-28 23:07:00.297: [INFO] OnDoneLoading sync enabled: 0
2026-05-28 23:27:25.693: [INFO] OnDoneLoading sync enabled: 0
2026-05-28 23:46:42.149: [INFO] OnDoneLoading sync enabled: 0
2026-05-29 00:17:27.725: [INFO] OnDoneLoading sync enabled: 0
2026-05-29 00:39:40.969: [INFO] OnDoneLoading sync enabled: 0
2026-05-29 07:09:30.710: [INFO] OnDoneLoading sync enabled: 0
2026-05-29 19:57:32.456: [INFO] OnDoneLoading sync enabled: 0
2026-05-29 20:02:10.345: [INFO] VisibilityChanged: 0
2026-05-29 20:02:16.069: [INFO] OnDoneLoading sync enabled: 0
2026-05-29 22:01:35.447: [INFO] VisibilityChanged: 0
2026-05-30 02:31:24.796: [INFO] OnDoneLoading sync enabled: 0
2026-05-31 08:05:46.932: [INFO] OnDoneLoading sync enabled: 0
2026-05-31 08:06:16.628: [INFO] VisibilityChanged: 0
2026-06-01 01:07:05.774: [INFO] OnDoneLoading sync enabled: 0
2026-06-01 03:22:01.551: [INFO] BookmarkNodeAdded, ABU: 1
2026-06-01 03:22:10.839: [INFO] SetTitle, Url: 1, IsFolder: 0, IsWorkspace: 0
2026-06-01 03:23:50.873: [INFO] BookmarkNodeAdded, ABU: 1
2026-06-01 03:24:06.897: [INFO] SetTitle, Url: 1, IsFolder: 0, IsWorkspace: 0
2026-06-01 03:40:36.937: [INFO] BookmarkNodeAdded, ABU: 1
2026-06-01 05:23:42.259: [INFO] VisibilityChanged: 0
2026-06-01 21:46:12.850: [INFO] OnDoneLoading sync enabled: 0
2026-06-01 22:20:51.477: [INFO] OnDoneLoading sync enabled: 0
2026-06-01 23:13:24.134: [INFO] Remove, DeletionOrigin: 4
2026-06-01 23:13:24.135: [INFO] BookmarkNodeRemoved, Url: 1, IsFolder: 0, IsWorkspace: 0
2026-06-01 23:13:27.352: [INFO] VisibilityChanged: 0
2026-06-01 23:13:28.923: [INFO] OnDoneLoading sync enabled: 0
2026-06-01 23:14:50.685: [INFO] VisibilityChanged: 0
2026-06-01 23:14:51.615: [INFO] OnDoneLoading sync enabled: 0
2026-06-01 23:28:28.822: [INFO] VisibilityChanged: 0
2026-06-01 23:30:11.480: [INFO] OnDoneLoading sync enabled: 0
2026-06-01 23:30:17.734: [INFO] OnDoneLoading sync enabled: 0
2026-06-01 23:31:55.903: [INFO] OnDoneLoading sync enabled: 0
2026-06-01 23:32:12.505: [INFO] VisibilityChanged: 0
2026-06-01 23:32:13.611: [INFO] OnDoneLoading sync enabled: 0
2026-06-01 23:51:12.327: [INFO] VisibilityChanged: 0
2026-06-02 04:58:31.481: [INFO] OnDoneLoading sync enabled: 0
2026-06-02 04:58:33.311: [INFO] VisibilityChanged: 0
2026-06-03 07:14:09.117: [INFO] OnDoneLoading sync enabled: 0
2026-06-03 10:35:04.880: [INFO] VisibilityChanged: 0
2026-06-03 10:35:05.518: [INFO] OnDoneLoading sync enabled: 0
2026-06-03 21:51:01.077: [INFO] OnDoneLoading sync enabled: 0
2026-06-04 05:13:52.248: [INFO] VisibilityChanged: 0
2026-06-04 05:13:55.047: [INFO] OnDoneLoading sync enabled: 0
2026-06-04 05:53:13.849: [INFO] OnDoneLoading sync enabled: 0
2026-06-04 07:01:37.270: [INFO] OnDoneLoading sync enabled: 0
2026-06-04 08:06:06.753: [INFO] OnDoneLoading sync enabled: 0
2026-06-04 09:16:54.054: [INFO] OnDoneLoading sync enabled: 0
2026-06-04 11:27:21.748: [INFO] OnDoneLoading sync enabled: 0
2026-06-04 12:17:02.249: [INFO] Remove, DeletionOrigin: 4
2026-06-04 12:17:02.250: [INFO] BookmarkNodeRemoved, Url: 1, IsFolder: 0, IsWorkspace: 0
2026-06-04 12:44:01.230: [INFO] BookmarkNodeAdded, ABU: 1
2026-06-04 13:24:26.378: [INFO] Remove, DeletionOrigin: 4
2026-06-04 13:24:26.381: [INFO] BookmarkNodeRemoved, Url: 1, IsFolder: 0, IsWorkspace: 0
2026-06-04 13:24:27.534: [INFO] VisibilityChanged: 0
2026-06-04 13:26:55.373: [INFO] OnDoneLoading sync enabled: 0
2026-06-04 13:30:01.827: [INFO] VisibilityChanged: 0
2026-06-05 21:29:50.943: [INFO] OnDoneLoading sync enabled: 0
2026-06-06 05:22:17.934: [INFO] VisibilityChanged: 0
2026-06-06 08:08:31.734: [INFO] OnDoneLoading sync enabled: 0
2026-06-06 08:08:51.007: [INFO] VisibilityChanged: 0
2026-06-07 04:39:15.403: [INFO] OnDoneLoading sync enabled: 0
2026-06-07 05:31:54.932: [INFO] BookmarkNodeAdded, ABU: 1
2026-06-07 05:42:02.469: [INFO] BookmarkNodeAdded, ABU: 1
2026-06-07 05:42:12.516: [INFO] BookmarkNodeAdded, ABU: 1
2026-06-07 05:42:35.336: [INFO] BookmarkNodeAdded, ABU: 1
2026-06-07 05:45:40.189: [INFO] BookmarkNodeAdded, ABU: 1
2026-06-07 05:49:04.380: [INFO] BookmarkNodeAdded, ABU: 1
2026-06-07 05:52:17.137: [INFO] BookmarkNodeAdded, ABU: 1
2026-06-07 06:14:05.195: [INFO] BookmarkNodeAdded, ABU: 1
2026-06-07 06:14:11.622: [INFO] BookmarkNodeAdded, ABU: 1
2026-06-07 11:59:05.904: [INFO] BookmarkNodeAdded, ABU: 1
2026-06-07 12:05:02.962: [INFO] BookmarkNodeAdded, ABU: 1
2026-06-07 12:09:41.798: [INFO] Remove, DeletionOrigin: 4
2026-06-07 12:09:41.799: [INFO] BookmarkNodeRemoved, Url: 1, IsFolder: 0, IsWorkspace: 0
2026-06-07 12:13:15.020: [INFO] Remove, DeletionOrigin: 4
2026-06-07 12:13:15.023: [INFO] BookmarkNodeRemoved, Url: 1, IsFolder: 0, IsWorkspace: 0
2026-06-07 12:20:44.010: [INFO] Remove, DeletionOrigin: 4
2026-06-07 12:20:44.014: [INFO] BookmarkNodeRemoved, Url: 1, IsFolder: 0, IsWorkspace: 0
2026-06-07 12:29:51.241: [INFO] VisibilityChanged: 0
2026-06-07 21:57:34.295: [INFO] OnDoneLoading sync enabled: 0
2026-06-07 22:34:28.739: [INFO] OnDoneLoading sync enabled: 0
2026-06-07 23:35:33.775: [INFO] BookmarkNodeAdded, ABU: 1
2026-06-07 23:40:05.790: [INFO] BookmarkNodeAdded, ABU: 1
2026-06-07 23:40:20.477: [INFO] BookmarkNodeAdded, ABU: 1
2026-06-07 23:40:32.751: [INFO] BookmarkNodeAdded, ABU: 1
2026-06-07 23:41:20.064: [INFO] BookmarkNodeAdded, ABU: 1
2026-06-07 23:43:35.523: [INFO] BookmarkNodeAdded, ABU: 1
2026-06-07 23:46:40.124: [INFO] VisibilityChanged: 0
2026-06-07 23:46:42.839: [INFO] OnDoneLoading sync enabled: 0
2026-06-07 23:52:43.748: [INFO] BookmarkNodeAdded, ABU: 1
2026-06-07 23:58:00.582: [INFO] BookmarkNodeAdded, ABU: 1
2026-06-07 23:58:34.502: [INFO] BookmarkNodeAdded, ABU: 1
2026-06-07 23:58:44.278: [INFO] BookmarkNodeAdded, ABU: 1
2026-06-07 23:58:54.743: [INFO] BookmarkNodeAdded, ABU: 1
2026-06-08 00:06:16.188: [INFO] Remove, DeletionOrigin: 4
2026-06-08 00:06:16.189: [INFO] BookmarkNodeRemoved, Url: 1, IsFolder: 0, IsWorkspace: 0
2026-06-08 00:11:43.797: [INFO] Remove, DeletionOrigin: 4
2026-06-08 00:11:43.798: [INFO] BookmarkNodeRemoved, Url: 1, IsFolder: 0, IsWorkspace: 0
2026-06-08 00:14:06.067: [INFO] BookmarkNodeAdded, ABU: 1
2026-06-08 00:18:47.053: [INFO] BookmarkNodeAdded, ABU: 1
2026-06-08 00:25:45.342: [INFO] VisibilityChanged: 0
2026-06-08 00:25:48.679: [INFO] OnDoneLoading sync enabled: 0
2026-06-08 00:30:55.103: [INFO] Remove, DeletionOrigin: 4
2026-06-08 00:30:55.104: [INFO] BookmarkNodeRemoved, Url: 1, IsFolder: 0, IsWorkspace: 0
2026-06-08 00:31:03.285: [INFO] VisibilityChanged: 0
2026-06-08 00:31:05.497: [INFO] OnDoneLoading sync enabled: 0
2026-06-08 00:32:06.136: [INFO] VisibilityChanged: 0
2026-06-08 01:47:42.326: [INFO] OnDoneLoading sync enabled: 0
2026-06-08 01:50:51.770: [INFO] VisibilityChanged: 0
2026-06-08 06:16:35.782: [INFO] OnDoneLoading sync enabled: 0
2026-06-08 07:24:57.111: [INFO] VisibilityChanged: 0
2026-06-08 23:03:41.042: [INFO] OnDoneLoading sync enabled: 0
2026-06-09 00:39:46.101: [INFO] BookmarkNodeAdded, ABU: 1
2026-06-09 03:35:00.144: [INFO] VisibilityChanged: 0
2026-06-09 19:09:59.164: [INFO] OnDoneLoading sync enabled: 0
2026-06-09 23:11:47.549: [INFO] VisibilityChanged: 0
2026-06-10 14:04:54.668: [INFO] OnDoneLoading sync enabled: 0
2026-06-10 14:05:12.499: [INFO] VisibilityChanged: 0
2026-06-10 19:37:34.300: [INFO] OnDoneLoading sync enabled: 0
2026-06-10 20:37:36.783: [INFO] OnDoneLoading sync enabled: 0
2026-06-10 20:45:41.571: [INFO] OnDoneLoading sync enabled: 0
2026-06-11 01:53:16.718: [INFO] BookmarkNodeAdded, ABU: 1
2026-06-11 01:55:12.474: [INFO] BookmarkNodeAdded, ABU: 1
2026-06-11 04:07:14.032: [INFO] VisibilityChanged: 0
2026-06-11 06:59:44.104: [INFO] OnDoneLoading sync enabled: 0
2026-06-11 07:12:08.704: [INFO] Remove, DeletionOrigin: 4
2026-06-11 07:12:08.705: [INFO] BookmarkNodeRemoved, Url: 1, IsFolder: 0, IsWorkspace: 0
2026-06-11 07:12:33.937: [INFO] BookmarkNodeAdded, ABU: 1
2026-06-11 08:02:18.115: [INFO] BookmarkNodeAdded, ABU: 1
2026-06-11 08:04:47.830: [INFO] VisibilityChanged: 0
2026-06-11 08:04:49.459: [INFO] OnDoneLoading sync enabled: 0
2026-06-11 11:38:30.784: [INFO] OnDoneLoading sync enabled: 0
2026-06-11 11:38:41.633: [INFO] VisibilityChanged: 0
2026-06-11 11:38:43.022: [INFO] OnDoneLoading sync enabled: 0
2026-06-11 19:58:30.061: [INFO] OnDoneLoading sync enabled: 0
2026-06-12 00:30:48.486: [INFO] Remove, DeletionOrigin: 2
2026-06-12 00:30:48.491: [INFO] BookmarkNodeRemoved, Url: 1, IsFolder: 0, IsWorkspace: 0
2026-06-12 00:31:04.037: [INFO] Remove, DeletionOrigin: 2
2026-06-12 00:31:04.039: [INFO] BookmarkNodeRemoved, Url: 1, IsFolder: 0, IsWorkspace: 0
2026-06-12 00:31:14.565: [INFO] BookmarkNodeMoved
2026-06-12 00:41:55.825: [INFO] Remove, DeletionOrigin: 2
2026-06-12 00:41:55.828: [INFO] BookmarkNodeRemoved, Url: 1, IsFolder: 0, IsWorkspace: 0
2026-06-12 00:42:19.482: [INFO] BookmarkNodeMoved
2026-06-12 01:10:57.219: [INFO] Remove, DeletionOrigin: 4
2026-06-12 01:10:57.221: [INFO] BookmarkNodeRemoved, Url: 1, IsFolder: 0, IsWorkspace: 0
2026-06-12 01:16:09.381: [INFO] VisibilityChanged: 0
2026-06-12 01:16:11.243: [INFO] OnDoneLoading sync enabled: 0
2026-06-12 01:16:19.556: [INFO] VisibilityChanged: 0
2026-06-12 01:16:20.680: [INFO] OnDoneLoading sync enabled: 0
2026-06-12 03:03:04.341: [INFO] BookmarkNodeAdded, ABU: 1
2026-06-12 03:05:19.361: [INFO] BookmarkNodeAdded, ABU: 1
2026-06-12 03:06:37.683: [INFO] BookmarkNodeAdded, ABU: 1
2026-06-12 04:05:42.517: [INFO] VisibilityChanged: 0
2026-06-12 04:16:18.296: [INFO] OnDoneLoading sync enabled: 0
2026-06-12 04:17:04.270: [INFO] VisibilityChanged: 0
2026-06-12 04:22:53.966: [INFO] OnDoneLoading sync enabled: 0
2026-06-12 04:29:16.007: [INFO] VisibilityChanged: 0
2026-06-12 08:22:30.036: [INFO] OnDoneLoading sync enabled: 0
2026-06-12 08:22:56.267: [INFO] VisibilityChanged: 0
2026-06-12 08:22:57.392: [INFO] OnDoneLoading sync enabled: 0
2026-06-12 09:05:20.677: [INFO] VisibilityChanged: 0
2026-06-12 10:30:46.411: [INFO] OnDoneLoading sync enabled: 0
2026-06-12 10:58:19.722: [INFO] BookmarkNodeAdded, ABU: 1
2026-06-12 10:58:26.991: [INFO] SetTitle, Url: 1, IsFolder: 0, IsWorkspace: 0
2026-06-12 10:58:32.577: [INFO] BookmarkNodeMoved
2026-06-12 11:33:06.914: [INFO] VisibilityChanged: 0
2026-06-12 21:58:05.162: [INFO] OnDoneLoading sync enabled: 0
2026-06-12 21:58:23.707: [INFO] VisibilityChanged: 0
2026-06-12 21:58:25.403: [INFO] OnDoneLoading sync enabled: 0
2026-06-12 23:13:57.285: [INFO] OnDoneLoading sync enabled: 0
2026-06-12 23:34:03.409: [INFO] VisibilityChanged: 0
2026-06-12 23:34:04.572: [INFO] OnDoneLoading sync enabled: 0
2026-06-13 00:20:24.366: [INFO] BookmarkNodeAdded, ABU: 1
2026-06-13 00:20:28.672: [INFO] SetTitle, Url: 1, IsFolder: 0, IsWorkspace: 0
2026-06-13 00:20:34.343: [INFO] BookmarkNodeMoved
2026-06-13 00:45:28.688: [INFO] BookmarkNodeAdded, ABU: 1
2026-06-13 08:02:04.649: [INFO] VisibilityChanged: 0
2026-06-13 08:02:08.007: [INFO] OnDoneLoading sync enabled: 0
2026-06-13 10:45:29.283: [INFO] OnDoneLoading sync enabled: 0
2026-06-13 11:07:15.959: [INFO] BookmarkNodeAdded, ABU: 1
2026-06-13 11:07:21.717: [INFO] SetTitle, Url: 1, IsFolder: 0, IsWorkspace: 0
2026-06-13 11:07:27.702: [INFO] BookmarkNodeMoved
2026-06-13 14:49:02.714: [INFO] VisibilityChanged: 0
2026-06-14 00:00:19.067: [INFO] OnDoneLoading sync enabled: 0
2026-06-14 03:15:23.541: [INFO] VisibilityChanged: 0
2026-06-14 03:15:25.667: [INFO] OnDoneLoading sync enabled: 0
2026-06-14 10:23:33.950: [INFO] OnDoneLoading sync enabled: 0
2026-06-14 10:28:40.125: [INFO] BookmarkNodeAdded, ABU: 1
2026-06-14 10:28:44.404: [INFO] SetTitle, Url: 1, IsFolder: 0, IsWorkspace: 0
2026-06-14 10:28:50.823: [INFO] BookmarkNodeMoved
2026-06-14 10:28:57.540: [INFO] VisibilityChanged: 0
2026-06-14 22:03:10.818: [INFO] OnDoneLoading sync enabled: 0
2026-06-14 23:19:31.135: [INFO] VisibilityChanged: 0
2026-06-14 23:23:42.435: [INFO] VisibilityChanged: 1
2026-06-14 23:24:54.933: [INFO] VisibilityChanged: 0
2026-06-14 23:24:57.676: [INFO] OnDoneLoading sync enabled: 0
2026-06-15 00:22:27.916: [INFO] VisibilityChanged: 0
2026-06-15 00:22:30.238: [INFO] OnDoneLoading sync enabled: 0
2026-06-15 00:24:30.902: [INFO] OnDoneLoading sync enabled: 0
2026-06-15 09:04:31.120: [INFO] VisibilityChanged: 0
2026-06-15 11:39:12.922: [INFO] OnDoneLoading sync enabled: 0
2026-06-15 12:58:17.959: [INFO] VisibilityChanged: 0
2026-06-15 13:00:18.103: [INFO] VisibilityChanged: 1
2026-06-15 16:03:51.982: [INFO] VisibilityChanged: 0
2026-06-15 16:03:54.389: [INFO] OnDoneLoading sync enabled: 0
2026-06-15 22:03:25.038: [INFO] OnDoneLoading sync enabled: 0
2026-06-15 23:31:11.255: [INFO] BookmarkNodeAdded, ABU: 1
2026-06-15 23:31:17.490: [INFO] SetTitle, Url: 1, IsFolder: 0, IsWorkspace: 0
2026-06-15 23:31:39.331: [INFO] BookmarkNodeAdded, ABU: 1
2026-06-15 23:31:45.986: [INFO] SetTitle, Url: 1, IsFolder: 0, IsWorkspace: 0
2026-06-15 23:31:59.629: [INFO] BookmarkNodeAdded, ABU: 1
2026-06-15 23:32:05.555: [INFO] SetTitle, Url: 1, IsFolder: 0, IsWorkspace: 0
2026-06-15 23:44:42.580: [INFO] BookmarkNodeAdded, ABU: 1
2026-06-15 23:52:15.945: [INFO] Remove, DeletionOrigin: 4
2026-06-15 23:52:15.946: [INFO] BookmarkNodeRemoved, Url: 1, IsFolder: 0, IsWorkspace: 0
2026-06-16 00:26:42.579: [INFO] VisibilityChanged: 0
2026-06-16 00:26:44.531: [INFO] OnDoneLoading sync enabled: 0
2026-06-16 00:36:05.617: [INFO] Remove, DeletionOrigin: 2
2026-06-16 00:36:05.618: [INFO] BookmarkNodeRemoved, Url: 1, IsFolder: 0, IsWorkspace: 0
2026-06-16 01:12:30.214: [INFO] Remove, DeletionOrigin: 2
2026-06-16 01:12:30.219: [INFO] BookmarkNodeRemoved, Url: 1, IsFolder: 0, IsWorkspace: 0
2026-06-16 01:51:23.829: [INFO] VisibilityChanged: 0
2026-06-16 02:31:16.588: [INFO] VisibilityChanged: 0
2026-06-16 02:31:18.388: [INFO] OnDoneLoading sync enabled: 0
2026-06-16 04:31:47.794: [INFO] VisibilityChanged: 0
2026-06-16 08:24:57.978: [INFO] OnDoneLoading sync enabled: 0
2026-06-16 08:26:27.803: [INFO] VisibilityChanged: 0
2026-06-16 09:54:42.740: [INFO] BookmarkNodeAdded, ABU: 1
2026-06-16 09:54:51.035: [INFO] SetTitle, Url: 1, IsFolder: 0, IsWorkspace: 0
2026-06-16 12:08:22.430: [INFO] VisibilityChanged: 0
2026-06-16 12:08:24.690: [INFO] OnDoneLoading sync enabled: 0
2026-06-16 13:41:27.428: [INFO] OnDoneLoading sync enabled: 0
2026-06-16 14:58:40.926: [INFO] VisibilityChanged: 0
2026-06-16 14:58:42.594: [INFO] OnDoneLoading sync enabled: 0
2026-06-17 04:58:42.668: [INFO] OnDoneLoading sync enabled: 0
2026-06-17 07:52:28.289: [INFO] OnDoneLoading sync enabled: 0
2026-06-17 07:52:31.940: [INFO] OnDoneLoading sync enabled: 0
2026-06-17 09:13:40.517: [INFO] OnDoneLoading sync enabled: 0
2026-06-17 09:15:55.115: [INFO] VisibilityChanged: 0
2026-06-17 09:15:56.692: [INFO] OnDoneLoading sync enabled: 0
2026-06-17 09:21:46.635: [INFO] VisibilityChanged: 0
2026-06-17 09:21:47.857: [INFO] OnDoneLoading sync enabled: 0
2026-06-17 09:21:52.241: [INFO] VisibilityChanged: 0
2026-06-17 09:21:53.502: [INFO] OnDoneLoading sync enabled: 0
2026-06-17 09:49:01.908: [INFO] VisibilityChanged: 0
2026-06-18 09:57:38.342: [INFO] OnDoneLoading sync enabled: 0
2026-06-18 12:59:16.990: [INFO] VisibilityChanged: 0
2026-06-18 12:59:18.857: [INFO] OnDoneLoading sync enabled: 0
2026-06-19 03:47:40.697: [INFO] OnDoneLoading sync enabled: 0
2026-06-19 09:43:32.908: [INFO] VisibilityChanged: 0
2026-06-19 19:22:47.109: [INFO] OnDoneLoading sync enabled: 0
2026-06-19 19:22:48.801: [INFO] VisibilityChanged: 0
2026-06-19 19:22:50.858: [INFO] OnDoneLoading sync enabled: 0
2026-06-19 19:23:16.913: [INFO] VisibilityChanged: 0
2026-06-19 19:44:40.148: [INFO] OnDoneLoading sync enabled: 0
2026-06-19 20:29:04.314: [INFO] BookmarkNodeAdded, ABU: 1
2026-06-19 20:29:10.047: [INFO] SetTitle, Url: 1, IsFolder: 0, IsWorkspace: 0
2026-06-19 20:29:18.428: [INFO] BookmarkNodeMoved
2026-06-20 00:42:45.305: [INFO] VisibilityChanged: 0
2026-06-20 00:42:48.559: [INFO] OnDoneLoading sync enabled: 0
2026-06-20 11:06:54.177: [INFO] OnDoneLoading sync enabled: 0
2026-06-20 14:16:41.019: [INFO] VisibilityChanged: 0
2026-06-20 16:56:35.747: [INFO] OnDoneLoading sync enabled: 0
2026-06-20 19:51:48.631: [INFO] BookmarkNodeAdded, ABU: 1
2026-06-20 19:51:53.191: [INFO] SetTitle, Url: 1, IsFolder: 0, IsWorkspace: 0
2026-06-21 07:21:11.027: [INFO] VisibilityChanged: 0
2026-06-21 07:21:13.173: [INFO] OnDoneLoading sync enabled: 0
2026-06-23 10:44:37.140: [INFO] OnDoneLoading sync enabled: 0
2026-06-24 17:16:47.580: [INFO] OnDoneLoading sync enabled: 0
2026-06-24 17:35:43.816: [INFO] VisibilityChanged: 0
2026-06-24 17:35:45.650: [INFO] OnDoneLoading sync enabled: 0
2026-06-24 21:54:02.432: [INFO] OnDoneLoading sync enabled: 0
2026-06-24 22:20:14.396: [INFO] VisibilityChanged: 0
2026-06-24 22:20:15.715: [INFO] OnDoneLoading sync enabled: 0
2026-06-25 00:45:16.334: [INFO] VisibilityChanged: 0
2026-06-26 19:14:24.860: [INFO] OnDoneLoading sync enabled: 0
2026-06-26 21:52:00.411: [INFO] VisibilityChanged: 0
2026-06-26 21:52:02.775: [INFO] OnDoneLoading sync enabled: 0
2026-06-26 23:00:50.468: [INFO] VisibilityChanged: 0
2026-06-26 23:00:51.798: [INFO] OnDoneLoading sync enabled: 0
2026-06-29 03:04:51.827: [INFO] OnDoneLoading sync enabled: 0
2026-06-29 03:04:54.364: [INFO] VisibilityChanged: 0
2026-06-29 22:13:37.989: [INFO] OnDoneLoading sync enabled: 0
2026-06-30 01:10:41.735: [INFO] VisibilityChanged: 0
2026-06-30 01:10:43.315: [INFO] OnDoneLoading sync enabled: 0
2026-06-30 20:43:26.398: [INFO] OnDoneLoading sync enabled: 0
2026-07-01 00:23:41.111: [INFO] VisibilityChanged: 0
2026-07-01 00:48:03.426: [INFO] OnDoneLoading sync enabled: 0
2026-07-01 00:48:47.896: [INFO] VisibilityChanged: 0
2026-07-01 01:15:03.233: [INFO] OnDoneLoading sync enabled: 0
2026-07-01 19:00:06.815: [INFO] OnDoneLoading sync enabled: 0
2026-07-02 04:30:30.858: [INFO] VisibilityChanged: 0
2026-07-02 04:41:07.020: [INFO] OnDoneLoading sync enabled: 0
2026-07-02 04:58:49.618: [INFO] VisibilityChanged: 0
2026-07-02 04:58:51.709: [INFO] OnDoneLoading sync enabled: 0
2026-07-02 05:00:57.626: [INFO] OnDoneLoading sync enabled: 0
2026-07-02 05:06:24.595: [INFO] OnDoneLoading sync enabled: 0
2026-07-02 05:06:47.528: [INFO] OnDoneLoading sync enabled: 0
